// Jest Snapshot v1, https://goo.gl/fbAQLP

exports[`Gift Send Test Suite should render the expected HTML 1`] = `"<div class=\\"MuiPaper-root-3 MuiPaper-elevation2-7 MuiPaper-rounded-4 GiftsSend-root-1 [object Object]\\"><table class=\\"MuiTable-root-30 GiftsSend-table-2 [object Object]\\"><thead class=\\"MuiTableHead-root-31\\"><tr class=\\"MuiTableRow-root-32 MuiTableRow-head-35\\"><th class=\\"MuiTableCell-root-37 MuiTableCell-head-38\\" scope=\\"col\\">CARD NAME</th><th class=\\"MuiTableCell-root-37 MuiTableCell-head-38\\" scope=\\"col\\">POINTS</th><th class=\\"MuiTableCell-root-37 MuiTableCell-head-38\\" scope=\\"col\\">SENT TO</th><th class=\\"MuiTableCell-root-37 MuiTableCell-head-38\\" scope=\\"col\\">ISSUE DATE</th><th class=\\"MuiTableCell-root-37 MuiTableCell-head-38\\" scope=\\"col\\">EXPIRY DATE</th></tr></thead><tbody class=\\"MuiTableBody-root-49\\"></tbody></table></div>"`;

exports[`Gift Send Test Suite should render the expected HTML 2`] = `"<div class=\\"MuiPaper-root-3 MuiPaper-elevation2-7 MuiPaper-rounded-4 GiftsSend-root-1 [object Object]\\"><table class=\\"MuiTable-root-30 GiftsSend-table-2 [object Object]\\"><thead class=\\"MuiTableHead-root-31\\"><tr class=\\"MuiTableRow-root-32 MuiTableRow-head-35\\"><th class=\\"MuiTableCell-root-37 MuiTableCell-head-38\\" scope=\\"col\\">CARD NAME</th><th class=\\"MuiTableCell-root-37 MuiTableCell-head-38\\" scope=\\"col\\">POINTS</th><th class=\\"MuiTableCell-root-37 MuiTableCell-head-38\\" scope=\\"col\\">SENT TO</th><th class=\\"MuiTableCell-root-37 MuiTableCell-head-38\\" scope=\\"col\\">ISSUE DATE</th><th class=\\"MuiTableCell-root-37 MuiTableCell-head-38\\" scope=\\"col\\">EXPIRY DATE</th></tr></thead><tbody class=\\"MuiTableBody-root-49\\"><tr class=\\"MuiTableRow-root-32\\"><td class=\\"MuiTableCell-root-37 MuiTableCell-body-39\\">A</td><td class=\\"MuiTableCell-root-37 MuiTableCell-body-39\\">1</td><td class=\\"MuiTableCell-root-37 MuiTableCell-body-39\\">knowledge.com2k16@gmail.com</td><td class=\\"MuiTableCell-root-37 MuiTableCell-body-39\\">2019-05-19</td><td class=\\"MuiTableCell-root-37 MuiTableCell-body-39\\">2019-05-19</td></tr><tr class=\\"MuiTableRow-root-32\\"><td class=\\"MuiTableCell-root-37 MuiTableCell-body-39\\">B</td><td class=\\"MuiTableCell-root-37 MuiTableCell-body-39\\">2</td><td class=\\"MuiTableCell-root-37 MuiTableCell-body-39\\">knowledge.com2k16@gmail.com</td><td class=\\"MuiTableCell-root-37 MuiTableCell-body-39\\">2019-05-19</td><td class=\\"MuiTableCell-root-37 MuiTableCell-body-39\\">2019-05-19</td></tr><tr class=\\"MuiTableRow-root-32\\"><td class=\\"MuiTableCell-root-37 MuiTableCell-body-39\\">C</td><td class=\\"MuiTableCell-root-37 MuiTableCell-body-39\\">3</td><td class=\\"MuiTableCell-root-37 MuiTableCell-body-39\\">knowledge.com2k16@gmail.com</td><td class=\\"MuiTableCell-root-37 MuiTableCell-body-39\\">2019-05-19</td><td class=\\"MuiTableCell-root-37 MuiTableCell-body-39\\">2019-05-19</td></tr></tbody></table></div>"`;
