// Jest Snapshot v1, https://goo.gl/fbAQLP

exports[`Gifts Received Test Suite should render the expected HTML 1`] = `"<div class=\\"MuiPaper-root-3 MuiPaper-elevation2-7 MuiPaper-rounded-4 GiftsReceived-root-1 [object Object]\\"><table class=\\"MuiTable-root-30 GiftsReceived-table-2 [object Object]\\"><thead class=\\"MuiTableHead-root-31\\"><tr class=\\"MuiTableRow-root-32 MuiTableRow-head-35\\"><th class=\\"MuiTableCell-root-37 MuiTableCell-head-38\\" scope=\\"col\\">CARD NAME</th><th class=\\"MuiTableCell-root-37 MuiTableCell-head-38\\" scope=\\"col\\">POINTS</th><th class=\\"MuiTableCell-root-37 MuiTableCell-head-38\\" scope=\\"col\\">RECEIVED FROM</th><th class=\\"MuiTableCell-root-37 MuiTableCell-head-38\\" scope=\\"col\\">CARD DESC</th><th class=\\"MuiTableCell-root-37 MuiTableCell-head-38\\" scope=\\"col\\">ISSUE DATE</th><th class=\\"MuiTableCell-root-37 MuiTableCell-head-38\\" scope=\\"col\\">EXPIRY DATE</th><th class=\\"MuiTableCell-root-37 MuiTableCell-head-38\\" scope=\\"col\\">REDEEM</th></tr></thead><tbody class=\\"MuiTableBody-root-49\\"></tbody></table></div>"`;

exports[`Gifts Received Test Suite should render the expected HTML 2`] = `"<div class=\\"MuiPaper-root-3 MuiPaper-elevation2-7 MuiPaper-rounded-4 GiftsReceived-root-1 [object Object]\\"><table class=\\"MuiTable-root-30 GiftsReceived-table-2 [object Object]\\"><thead class=\\"MuiTableHead-root-31\\"><tr class=\\"MuiTableRow-root-32 MuiTableRow-head-35\\"><th class=\\"MuiTableCell-root-37 MuiTableCell-head-38\\" scope=\\"col\\">CARD NAME</th><th class=\\"MuiTableCell-root-37 MuiTableCell-head-38\\" scope=\\"col\\">POINTS</th><th class=\\"MuiTableCell-root-37 MuiTableCell-head-38\\" scope=\\"col\\">RECEIVED FROM</th><th class=\\"MuiTableCell-root-37 MuiTableCell-head-38\\" scope=\\"col\\">CARD DESC</th><th class=\\"MuiTableCell-root-37 MuiTableCell-head-38\\" scope=\\"col\\">ISSUE DATE</th><th class=\\"MuiTableCell-root-37 MuiTableCell-head-38\\" scope=\\"col\\">EXPIRY DATE</th><th class=\\"MuiTableCell-root-37 MuiTableCell-head-38\\" scope=\\"col\\">REDEEM</th></tr></thead><tbody class=\\"MuiTableBody-root-49\\"><tr class=\\"MuiTableRow-root-32\\"><th class=\\"MuiTableCell-root-37 MuiTableCell-body-39\\" scope=\\"row\\">A</th><td class=\\"MuiTableCell-root-37 MuiTableCell-body-39\\">1</td><td class=\\"MuiTableCell-root-37 MuiTableCell-body-39\\">knowledge.com2k16@gmail.com</td><td class=\\"MuiTableCell-root-37 MuiTableCell-body-39\\"></td><td class=\\"MuiTableCell-root-37 MuiTableCell-body-39\\">2019-05-19</td><td class=\\"MuiTableCell-root-37 MuiTableCell-body-39\\">2019-05-19</td><td class=\\"MuiTableCell-root-37 MuiTableCell-body-39\\">Redeemed</td></tr><tr class=\\"MuiTableRow-root-32\\"><th class=\\"MuiTableCell-root-37 MuiTableCell-body-39\\" scope=\\"row\\">B</th><td class=\\"MuiTableCell-root-37 MuiTableCell-body-39\\">2</td><td class=\\"MuiTableCell-root-37 MuiTableCell-body-39\\">knowledge.com2k16@gmail.com</td><td class=\\"MuiTableCell-root-37 MuiTableCell-body-39\\"></td><td class=\\"MuiTableCell-root-37 MuiTableCell-body-39\\">2019-05-19</td><td class=\\"MuiTableCell-root-37 MuiTableCell-body-39\\">2019-05-19</td><td class=\\"MuiTableCell-root-37 MuiTableCell-body-39\\"><button class=\\"MuiButtonBase-root-76 MuiButton-root-50 MuiButton-contained-61 MuiButton-containedPrimary-62 MuiButton-raised-64 MuiButton-raisedPrimary-65\\" tabindex=\\"0\\" type=\\"button\\"><span class=\\"MuiButton-label-51\\">Redeem</span><span class=\\"MuiTouchRipple-root-79\\"></span></button></td></tr><tr class=\\"MuiTableRow-root-32\\"><th class=\\"MuiTableCell-root-37 MuiTableCell-body-39\\" scope=\\"row\\">C</th><td class=\\"MuiTableCell-root-37 MuiTableCell-body-39\\">3</td><td class=\\"MuiTableCell-root-37 MuiTableCell-body-39\\">knowledge.com2k16@gmail.com</td><td class=\\"MuiTableCell-root-37 MuiTableCell-body-39\\"></td><td class=\\"MuiTableCell-root-37 MuiTableCell-body-39\\">2019-05-19</td><td class=\\"MuiTableCell-root-37 MuiTableCell-body-39\\">2019-05-19</td><td class=\\"MuiTableCell-root-37 MuiTableCell-body-39\\"><button class=\\"MuiButtonBase-root-76 MuiButton-root-50 MuiButton-contained-61 MuiButton-containedPrimary-62 MuiButton-raised-64 MuiButton-raisedPrimary-65\\" tabindex=\\"0\\" type=\\"button\\"><span class=\\"MuiButton-label-51\\">Redeem</span><span class=\\"MuiTouchRipple-root-79\\"></span></button></td></tr></tbody></table></div>"`;
