// Jest Snapshot v1, https://goo.gl/fbAQLP

exports[`Header Test Suite should render the expected HTML when user is logged in 1`] = `"<div class=\\"[object Object]\\"><header class=\\"MuiPaper-root-10 MuiPaper-elevation4-16 MuiAppBar-root-1 MuiAppBar-positionStatic-5 MuiAppBar-colorPrimary-8\\"><div class=\\"MuiToolbar-root-37 MuiToolbar-regular-39 MuiToolbar-gutters-38\\"><h6 class=\\"MuiTypography-root-41 MuiTypography-h6-58 MuiTypography-colorInherit-70\\"><button class=\\"MuiButtonBase-root-103 MuiButton-root-77 MuiButton-text-79 MuiButton-flat-82\\" tabindex=\\"0\\" type=\\"button\\"><span class=\\"MuiButton-label-78\\"><span style=\\"font-size: 1.2em; color: rgb(255, 255, 255);\\">YOYOGift</span></span><span class=\\"MuiTouchRipple-root-106\\"></span></button></h6><button class=\\"MuiButtonBase-root-103 MuiButton-root-77 MuiButton-text-79 MuiButton-flat-82 MuiButton-colorInherit-98 headerButton\\" tabindex=\\"0\\" type=\\"button\\"><span class=\\"MuiButton-label-78\\">GIFTS RECEIVED</span><span class=\\"MuiTouchRipple-root-106\\"></span></button><button class=\\"MuiButtonBase-root-103 MuiButton-root-77 MuiButton-text-79 MuiButton-flat-82 MuiButton-colorInherit-98 headerButton\\" tabindex=\\"0\\" type=\\"button\\"><span class=\\"MuiButton-label-78\\">GIFTS SENT</span><span class=\\"MuiTouchRipple-root-106\\"></span></button><button class=\\"MuiButtonBase-root-103 MuiButton-root-77 MuiButton-text-79 MuiButton-flat-82 MuiButton-colorInherit-98 headerButton\\" tabindex=\\"0\\" type=\\"button\\"><span class=\\"MuiButton-label-78\\">MY PROFILE</span><span class=\\"MuiTouchRipple-root-106\\"></span></button><button class=\\"MuiButtonBase-root-103 MuiButton-root-77 MuiButton-text-79 MuiButton-flat-82 MuiButton-colorInherit-98 headerButton\\" tabindex=\\"0\\" type=\\"button\\"><span class=\\"MuiButton-label-78\\"><button style=\\"background-color: rgb(255, 255, 255); display: inline-flex; align-items: center; color: rgba(0, 0, 0, 0.54); box-shadow: 0 2px 2px 0 rgba(0, 0, 0, .24), 0 0 1px 0 rgba(0, 0, 0, .24); padding: 0px; border-radius: 2px; border: 1px solid transparent; font-size: 14px; font-weight: 500; font-family: Roboto, sans-serif; opacity: 0.6;\\" type=\\"button\\" disabled=\\"\\"><div style=\\"margin-right: 10px; background: rgb(255, 255, 255); padding: 10px; border-radius: 2px;\\"><svg width=\\"18\\" height=\\"18\\" xmlns=\\"http://www.w3.org/2000/svg\\"><g fill=\\"#000\\" fill-rule=\\"evenodd\\"><path d=\\"M9 3.48c1.69 0 2.83.73 3.48 1.34l2.54-2.48C13.46.89 11.43 0 9 0 5.48 0 2.44 2.02.96 4.96l2.91 2.26C4.6 5.05 6.62 3.48 9 3.48z\\" fill=\\"#EA4335\\"></path><path d=\\"M17.64 9.2c0-.74-.06-1.28-.19-1.84H9v3.34h4.96c-.1.83-.64 2.08-1.84 2.92l2.84 2.2c1.7-1.57 2.68-3.88 2.68-6.62z\\" fill=\\"#4285F4\\"></path><path d=\\"M3.88 10.78A5.54 5.54 0 0 1 3.58 9c0-.62.11-1.22.29-1.78L.96 4.96A9.008 9.008 0 0 0 0 9c0 1.45.35 2.82.96 4.04l2.92-2.26z\\" fill=\\"#FBBC05\\"></path><path d=\\"M9 18c2.43 0 4.47-.8 5.96-2.18l-2.84-2.2c-.76.53-1.78.9-3.12.9-2.38 0-4.4-1.57-5.12-3.74L.97 13.04C2.45 15.98 5.48 18 9 18z\\" fill=\\"#34A853\\"></path><path fill=\\"none\\" d=\\"M0 0h18v18H0z\\"></path></g></svg></div><span style=\\"font-weight: 500; padding: 10px 10px 10px 0px;\\">Logout</span></button></span><span class=\\"MuiTouchRipple-root-106\\"></span></button></div></header></div>"`;

exports[`Header Test Suite should render the expected HTML when user is logged out 1`] = `"<div class=\\"[object Object]\\"><header class=\\"MuiPaper-root-10 MuiPaper-elevation4-16 MuiAppBar-root-1 MuiAppBar-positionStatic-5 MuiAppBar-colorPrimary-8\\"><div class=\\"MuiToolbar-root-37 MuiToolbar-regular-39 MuiToolbar-gutters-38\\"><h6 class=\\"MuiTypography-root-41 MuiTypography-h6-58 MuiTypography-colorInherit-70\\"><button class=\\"MuiButtonBase-root-103 MuiButton-root-77 MuiButton-text-79 MuiButton-flat-82\\" tabindex=\\"0\\" type=\\"button\\"><span class=\\"MuiButton-label-78\\"><span style=\\"font-size: 1.2em; color: rgb(255, 255, 255);\\">YOYOGift</span></span><span class=\\"MuiTouchRipple-root-106\\"></span></button></h6><button class=\\"MuiButtonBase-root-103 MuiButton-root-77 MuiButton-text-79 MuiButton-flat-82 MuiButton-colorInherit-98 headerButton\\" tabindex=\\"0\\" type=\\"button\\"><span class=\\"MuiButton-label-78\\">LOGIN</span><span class=\\"MuiTouchRipple-root-106\\"></span></button></div></header></div>"`;
