// Jest Snapshot v1, https://goo.gl/fbAQLP

exports[`Add Update Formik Form Test Suite should render the expected HTML 1`] = `"<div style=\\"margin-left: 40px;\\"><form><div><label><b>Card Name: </b></label><input style=\\"margin: 1em 0em; font-size: 1.5em; background-color: white;\\" name=\\"cardName\\" type=\\"text\\" placeholder=\\"Enter Card Name\\" value=\\"\\"></div><div><label><b>Card Points: </b></label><input style=\\"margin: 1em 0em; font-size: 1.5em; background-color: white;\\" name=\\"cardPoints\\" type=\\"text\\" placeholder=\\"Enter Card Points\\" value=\\"\\"></div><div><label><b>Card Category: </b></label><input style=\\"margin: 1em 0em; font-size: 1.5em; background-color: white;\\" name=\\"cardCategory\\" type=\\"text\\" placeholder=\\"Enter Card Category\\" value=\\"\\"></div><div><label><b>Card Retailer: </b></label><input style=\\"margin: 1em 0em; font-size: 1.5em; background-color: white;\\" name=\\"cardRetailer\\" type=\\"text\\" placeholder=\\"Enter Card Retailer\\" value=\\"\\"></div><div><label><b>Card Expirty Date: </b></label><input style=\\"margin: 1em 0em; font-size: 1.5em; background-color: white;\\" name=\\"cardExpiryDate\\" type=\\"date\\" placeholder=\\"Enter Card Retailer\\" value=\\"\\"></div><div><label><b>Card Count: </b></label><input style=\\"margin: 1em 0em; font-size: 1.5em; background-color: white;\\" name=\\"cardCount\\" type=\\"text\\" placeholder=\\"Enter Card Count\\" value=\\"\\"></div><div><label><b>Card Image: </b></label><input style=\\"margin: 1em 0em; font-size: 1.5em; background-color: white;\\" name=\\"cardImage\\" type=\\"text\\" placeholder=\\"Enter Card Image\\" value=\\"\\"></div><div><label><b>Card Vendor: </b></label><input style=\\"margin: 1em 0em; font-size: 1.5em; background-color: white;\\" name=\\"cardVendor\\" type=\\"text\\" placeholder=\\"Enter Card Vendor\\" value=\\"\\"></div><div><label><b>Card Short Description: </b></label><input style=\\"margin: 1em 0em; font-size: 1.5em; background-color: white;\\" name=\\"cardShortDesc\\" type=\\"text\\" placeholder=\\"Enter Card Short Description\\" value=\\"\\"></div><div><label><b>Card Long Description: </b></label><input style=\\"margin: 1em 0em; font-size: 1.5em; background-color: white;\\" name=\\"cardLongDesc\\" type=\\"text\\" placeholder=\\"Enter Card Long Description\\" value=\\"\\"></div><div><button type=\\"button\\" class=\\"outline\\" disabled=\\"\\">Reset</button><button type=\\"submit\\">Submit</button></div></form></div>"`;

exports[`Add Update Formik Form Test Suite should render the expected HTML 2`] = `"<div style=\\"margin-left: 40px;\\"><form><div><label><b>Card Name: </b></label><input style=\\"margin: 1em 0em; font-size: 1.5em; background-color: white;\\" name=\\"cardName\\" type=\\"text\\" placeholder=\\"Enter Card Name\\" value=\\"\\"></div><div><label><b>Card Points: </b></label><input style=\\"margin: 1em 0em; font-size: 1.5em; background-color: white;\\" name=\\"cardPoints\\" type=\\"text\\" placeholder=\\"Enter Card Points\\" value=\\"\\"></div><div><label><b>Card Category: </b></label><input style=\\"margin: 1em 0em; font-size: 1.5em; background-color: white;\\" name=\\"cardCategory\\" type=\\"text\\" placeholder=\\"Enter Card Category\\" value=\\"\\"></div><div><label><b>Card Retailer: </b></label><input style=\\"margin: 1em 0em; font-size: 1.5em; background-color: white;\\" name=\\"cardRetailer\\" type=\\"text\\" placeholder=\\"Enter Card Retailer\\" value=\\"\\"></div><div><label><b>Card Expirty Date: </b></label><input style=\\"margin: 1em 0em; font-size: 1.5em; background-color: white;\\" name=\\"cardExpiryDate\\" type=\\"date\\" placeholder=\\"Enter Card Retailer\\" value=\\"\\"></div><div><label><b>Card Count: </b></label><input style=\\"margin: 1em 0em; font-size: 1.5em; background-color: white;\\" name=\\"cardCount\\" type=\\"text\\" placeholder=\\"Enter Card Count\\" value=\\"\\"></div><div><label><b>Card Image: </b></label><input style=\\"margin: 1em 0em; font-size: 1.5em; background-color: white;\\" name=\\"cardImage\\" type=\\"text\\" placeholder=\\"Enter Card Image\\" value=\\"\\"></div><div><label><b>Card Vendor: </b></label><input style=\\"margin: 1em 0em; font-size: 1.5em; background-color: white;\\" name=\\"cardVendor\\" type=\\"text\\" placeholder=\\"Enter Card Vendor\\" value=\\"\\"></div><div><label><b>Card Short Description: </b></label><input style=\\"margin: 1em 0em; font-size: 1.5em; background-color: white;\\" name=\\"cardShortDesc\\" type=\\"text\\" placeholder=\\"Enter Card Short Description\\" value=\\"\\"></div><div><label><b>Card Long Description: </b></label><input style=\\"margin: 1em 0em; font-size: 1.5em; background-color: white;\\" name=\\"cardLongDesc\\" type=\\"text\\" placeholder=\\"Enter Card Long Description\\" value=\\"\\"></div><div><button type=\\"button\\" class=\\"outline\\" disabled=\\"\\">Reset</button><button type=\\"submit\\">Submit</button></div></form></div>"`;
