// Jest Snapshot v1, https://goo.gl/fbAQLP

exports[`Gifts Sent Test Suite should render the expected HTML 1`] = `"<div class=\\"MuiCircularProgress-root-1 MuiCircularProgress-colorPrimary-4 MuiCircularProgress-indeterminate-3\\" style=\\"width: 40px; height: 40px; margin-left: 50%; margin-top: 10%;\\" role=\\"progressbar\\"><svg class=\\"MuiCircularProgress-svg-6\\" viewBox=\\"22 22 44 44\\"><circle class=\\"MuiCircularProgress-circle-7 MuiCircularProgress-circleIndeterminate-9\\" cx=\\"44\\" cy=\\"44\\" r=\\"20.2\\" fill=\\"none\\" stroke-width=\\"3.6\\"></circle></svg></div>"`;

exports[`Gifts Sent Test Suite should render the expected HTML 2`] = `"<h2 style=\\"height: 40px; background: rgb(179, 217, 247); color: white; text-align: center; vertical-align: middle; padding-top: 5px; font-size: 20px; font-weight: 500;\\">NO DATA</h2>"`;

exports[`Gifts Sent Test Suite should render the expected HTML 3`] = `"<div><div class=\\"MuiPaper-root-13 MuiPaper-elevation2-17 MuiPaper-rounded-14 GiftsSend-root-11\\"><table class=\\"MuiTable-root-40 GiftsSend-table-12\\"><thead class=\\"MuiTableHead-root-41\\"><tr class=\\"MuiTableRow-root-42 MuiTableRow-head-45\\"><th class=\\"MuiTableCell-root-47 MuiTableCell-head-48\\" scope=\\"col\\">CARD NAME</th><th class=\\"MuiTableCell-root-47 MuiTableCell-head-48\\" scope=\\"col\\">POINTS</th><th class=\\"MuiTableCell-root-47 MuiTableCell-head-48\\" scope=\\"col\\">SENT TO</th><th class=\\"MuiTableCell-root-47 MuiTableCell-head-48\\" scope=\\"col\\">ISSUE DATE</th><th class=\\"MuiTableCell-root-47 MuiTableCell-head-48\\" scope=\\"col\\">EXPIRY DATE</th></tr></thead><tbody class=\\"MuiTableBody-root-59\\"><tr class=\\"MuiTableRow-root-42\\"><td class=\\"MuiTableCell-root-47 MuiTableCell-body-49\\">A</td><td class=\\"MuiTableCell-root-47 MuiTableCell-body-49\\">1</td><td class=\\"MuiTableCell-root-47 MuiTableCell-body-49\\">jalagamsurya.loriini@gmail.com</td><td class=\\"MuiTableCell-root-47 MuiTableCell-body-49\\">2019-05-19</td><td class=\\"MuiTableCell-root-47 MuiTableCell-body-49\\">2019-05-19</td></tr><tr class=\\"MuiTableRow-root-42\\"><td class=\\"MuiTableCell-root-47 MuiTableCell-body-49\\">B</td><td class=\\"MuiTableCell-root-47 MuiTableCell-body-49\\">2</td><td class=\\"MuiTableCell-root-47 MuiTableCell-body-49\\">jalagamsurya.loriini@gmail.com</td><td class=\\"MuiTableCell-root-47 MuiTableCell-body-49\\">2019-05-19</td><td class=\\"MuiTableCell-root-47 MuiTableCell-body-49\\">2019-05-19</td></tr><tr class=\\"MuiTableRow-root-42\\"><td class=\\"MuiTableCell-root-47 MuiTableCell-body-49\\">C</td><td class=\\"MuiTableCell-root-47 MuiTableCell-body-49\\">3</td><td class=\\"MuiTableCell-root-47 MuiTableCell-body-49\\">jalagamsurya.loriini@gmail.com</td><td class=\\"MuiTableCell-root-47 MuiTableCell-body-49\\">2019-05-19</td><td class=\\"MuiTableCell-root-47 MuiTableCell-body-49\\">2019-05-19</td></tr></tbody></table></div></div>"`;
