// Jest Snapshot v1, https://goo.gl/fbAQLP

exports[`Gifts Sent Table Test Suite should render the expected HTML 1`] = `"<h2 style=\\"height: 40px; background: rgb(179, 217, 247); color: white; text-align: center; vertical-align: middle; padding-top: 5px; font-size: 20px; font-weight: 500;\\">NO DATA</h2>"`;

exports[`Gifts Sent Table Test Suite should render the expected HTML 2`] = `"<div><div aria-colcount=\\"6\\" aria-rowcount=\\"3\\" class=\\"ReactVirtualized__Table\\" role=\\"grid\\"><div class=\\"ReactVirtualized__Table__headerRow\\" role=\\"row\\" style=\\"height: 50px; overflow: hidden; padding-right: 0px; width: 1350px;\\"><div class=\\"ReactVirtualized__Table__headerColumn\\" role=\\"columnheader\\" style=\\"flex: 0 1 100px;\\"><span class=\\"ReactVirtualized__Table__headerTruncatedText\\" title=\\"ID\\">ID</span></div><div class=\\"ReactVirtualized__Table__headerColumn\\" role=\\"columnheader\\" style=\\"flex: 0 1 200px;\\"><span class=\\"ReactVirtualized__Table__headerTruncatedText\\" title=\\"CARD NAME\\">CARD NAME</span></div><div class=\\"ReactVirtualized__Table__headerColumn\\" role=\\"columnheader\\" style=\\"flex: 0 1 200px;\\"><span class=\\"ReactVirtualized__Table__headerTruncatedText\\" title=\\"POINTS\\">POINTS</span></div><div class=\\"ReactVirtualized__Table__headerColumn\\" role=\\"columnheader\\" style=\\"flex: 0 1 300px;\\"><span class=\\"ReactVirtualized__Table__headerTruncatedText\\" title=\\"SENT TO\\">SENT TO</span></div><div class=\\"ReactVirtualized__Table__headerColumn\\" role=\\"columnheader\\" style=\\"flex: 0 1 275px;\\"><span class=\\"ReactVirtualized__Table__headerTruncatedText\\" title=\\"ISSUE DATE\\">ISSUE DATE</span></div><div class=\\"ReactVirtualized__Table__headerColumn\\" role=\\"columnheader\\" style=\\"flex: 0 1 275px;\\"><span class=\\"ReactVirtualized__Table__headerTruncatedText\\" title=\\"EXPIRY DATE\\">EXPIRY DATE</span></div></div><div aria-label=\\"grid\\" class=\\"ReactVirtualized__Grid ReactVirtualized__Table__Grid\\" role=\\"rowgroup\\" style=\\"box-sizing: border-box; direction: ltr; height: 445px; position: relative; width: 1350px; will-change: transform; overflow-x: hidden; overflow-y: hidden;\\" tabindex=\\"0\\"><div class=\\"ReactVirtualized__Grid__innerScrollContainer\\" role=\\"rowgroup\\" style=\\"width: auto; height: 150px; max-width: 1350px; max-height: 150px; overflow: hidden; position: relative;\\"><div aria-rowindex=\\"1\\" class=\\"ReactVirtualized__Table__row\\" role=\\"row\\" style=\\"height: 50px; left: 0px; position: absolute; top: 0px; width: 1350px; overflow: hidden; padding-right: 0px;\\"><div aria-colindex=\\"1\\" class=\\"ReactVirtualized__Table__rowColumn\\" role=\\"gridcell\\" style=\\"overflow: hidden; flex: 0 1 100px;\\" title=\\"\\"></div><div aria-colindex=\\"2\\" class=\\"ReactVirtualized__Table__rowColumn\\" role=\\"gridcell\\" style=\\"overflow: hidden; flex: 0 1 200px;\\" title=\\"A\\">A</div><div aria-colindex=\\"3\\" class=\\"ReactVirtualized__Table__rowColumn\\" role=\\"gridcell\\" style=\\"overflow: hidden; flex: 0 1 200px;\\" title=\\"1\\">1</div><div aria-colindex=\\"4\\" class=\\"ReactVirtualized__Table__rowColumn\\" role=\\"gridcell\\" style=\\"overflow: hidden; flex: 0 1 300px;\\" title=\\"\\"></div><div aria-colindex=\\"5\\" class=\\"ReactVirtualized__Table__rowColumn\\" role=\\"gridcell\\" style=\\"overflow: hidden; flex: 0 1 275px;\\" title=\\"Sun May 19 2019 15:43:25 GMT+0530 (India Standard Time)\\">Sun May 19 2019 15:43:25 GMT+0530 (India Standard Time)</div><div aria-colindex=\\"6\\" class=\\"ReactVirtualized__Table__rowColumn\\" role=\\"gridcell\\" style=\\"overflow: hidden; flex: 0 1 275px;\\" title=\\"Sun May 19 2019 15:43:25 GMT+0530 (India Standard Time)\\">Sun May 19 2019 15:43:25 GMT+0530 (India Standard Time)</div></div><div aria-rowindex=\\"2\\" class=\\"ReactVirtualized__Table__row\\" role=\\"row\\" style=\\"height: 50px; left: 0px; position: absolute; top: 50px; width: 1350px; overflow: hidden; padding-right: 0px;\\"><div aria-colindex=\\"1\\" class=\\"ReactVirtualized__Table__rowColumn\\" role=\\"gridcell\\" style=\\"overflow: hidden; flex: 0 1 100px;\\" title=\\"\\"></div><div aria-colindex=\\"2\\" class=\\"ReactVirtualized__Table__rowColumn\\" role=\\"gridcell\\" style=\\"overflow: hidden; flex: 0 1 200px;\\" title=\\"B\\">B</div><div aria-colindex=\\"3\\" class=\\"ReactVirtualized__Table__rowColumn\\" role=\\"gridcell\\" style=\\"overflow: hidden; flex: 0 1 200px;\\" title=\\"2\\">2</div><div aria-colindex=\\"4\\" class=\\"ReactVirtualized__Table__rowColumn\\" role=\\"gridcell\\" style=\\"overflow: hidden; flex: 0 1 300px;\\" title=\\"\\"></div><div aria-colindex=\\"5\\" class=\\"ReactVirtualized__Table__rowColumn\\" role=\\"gridcell\\" style=\\"overflow: hidden; flex: 0 1 275px;\\" title=\\"Sun May 19 2019 15:43:25 GMT+0530 (India Standard Time)\\">Sun May 19 2019 15:43:25 GMT+0530 (India Standard Time)</div><div aria-colindex=\\"6\\" class=\\"ReactVirtualized__Table__rowColumn\\" role=\\"gridcell\\" style=\\"overflow: hidden; flex: 0 1 275px;\\" title=\\"Sun May 19 2019 15:43:25 GMT+0530 (India Standard Time)\\">Sun May 19 2019 15:43:25 GMT+0530 (India Standard Time)</div></div><div aria-rowindex=\\"3\\" class=\\"ReactVirtualized__Table__row\\" role=\\"row\\" style=\\"height: 50px; left: 0px; position: absolute; top: 100px; width: 1350px; overflow: hidden; padding-right: 0px;\\"><div aria-colindex=\\"1\\" class=\\"ReactVirtualized__Table__rowColumn\\" role=\\"gridcell\\" style=\\"overflow: hidden; flex: 0 1 100px;\\" title=\\"\\"></div><div aria-colindex=\\"2\\" class=\\"ReactVirtualized__Table__rowColumn\\" role=\\"gridcell\\" style=\\"overflow: hidden; flex: 0 1 200px;\\" title=\\"C\\">C</div><div aria-colindex=\\"3\\" class=\\"ReactVirtualized__Table__rowColumn\\" role=\\"gridcell\\" style=\\"overflow: hidden; flex: 0 1 200px;\\" title=\\"3\\">3</div><div aria-colindex=\\"4\\" class=\\"ReactVirtualized__Table__rowColumn\\" role=\\"gridcell\\" style=\\"overflow: hidden; flex: 0 1 300px;\\" title=\\"\\"></div><div aria-colindex=\\"5\\" class=\\"ReactVirtualized__Table__rowColumn\\" role=\\"gridcell\\" style=\\"overflow: hidden; flex: 0 1 275px;\\" title=\\"Sun May 19 2019 15:43:25 GMT+0530 (India Standard Time)\\">Sun May 19 2019 15:43:25 GMT+0530 (India Standard Time)</div><div aria-colindex=\\"6\\" class=\\"ReactVirtualized__Table__rowColumn\\" role=\\"gridcell\\" style=\\"overflow: hidden; flex: 0 1 275px;\\" title=\\"Sun May 19 2019 15:43:25 GMT+0530 (India Standard Time)\\">Sun May 19 2019 15:43:25 GMT+0530 (India Standard Time)</div></div></div></div></div></div>"`;
