// Jest Snapshot v1, https://goo.gl/fbAQLP

exports[`Footer Test Suite should render expected HTML 1`] = `"<div class=\\"[object Object]\\"><button class=\\"MuiButtonBase-root-7 MuiIconButton-root-1\\" tabindex=\\"0\\" type=\\"button\\" aria-label=\\"First Page\\"><span class=\\"MuiIconButton-label-6\\"><svg class=\\"MuiSvgIcon-root-10\\" focusable=\\"false\\" viewBox=\\"0 0 24 24\\" aria-hidden=\\"true\\" role=\\"presentation\\"><path d=\\"M5.59 7.41L10.18 12l-4.59 4.59L7 18l6-6-6-6zM16 6h2v12h-2z\\"></path><path fill=\\"none\\" d=\\"M0 0h24v24H0V0z\\"></path></svg></span><span class=\\"MuiTouchRipple-root-19\\"></span></button><button class=\\"MuiButtonBase-root-7 MuiIconButton-root-1\\" tabindex=\\"0\\" type=\\"button\\" aria-label=\\"Previous Page\\"><span class=\\"MuiIconButton-label-6\\"><svg class=\\"MuiSvgIcon-root-10\\" focusable=\\"false\\" viewBox=\\"0 0 24 24\\" aria-hidden=\\"true\\" role=\\"presentation\\"><path d=\\"M8.59 16.59L13.17 12 8.59 7.41 10 6l6 6-6 6-1.41-1.41z\\"></path><path fill=\\"none\\" d=\\"M0 0h24v24H0V0z\\"></path></svg></span><span class=\\"MuiTouchRipple-root-19\\"></span></button><button class=\\"MuiButtonBase-root-7 MuiButtonBase-disabled-8 MuiIconButton-root-1 MuiIconButton-disabled-5\\" tabindex=\\"-1\\" type=\\"button\\" disabled=\\"\\" aria-label=\\"Next Page\\"><span class=\\"MuiIconButton-label-6\\"><svg class=\\"MuiSvgIcon-root-10\\" focusable=\\"false\\" viewBox=\\"0 0 24 24\\" aria-hidden=\\"true\\" role=\\"presentation\\"><path d=\\"M15.41 16.59L10.83 12l4.58-4.59L14 6l-6 6 6 6 1.41-1.41z\\"></path><path fill=\\"none\\" d=\\"M0 0h24v24H0V0z\\"></path></svg></span></button><button class=\\"MuiButtonBase-root-7 MuiButtonBase-disabled-8 MuiIconButton-root-1 MuiIconButton-disabled-5\\" tabindex=\\"-1\\" type=\\"button\\" disabled=\\"\\" aria-label=\\"Last Page\\"><span class=\\"MuiIconButton-label-6\\"><svg class=\\"MuiSvgIcon-root-10\\" focusable=\\"false\\" viewBox=\\"0 0 24 24\\" aria-hidden=\\"true\\" role=\\"presentation\\"><path d=\\"M18.41 16.59L13.82 12l4.59-4.59L17 6l-6 6 6 6zM6 6h2v12H6z\\"></path><path fill=\\"none\\" d=\\"M24 24H0V0h24v24z\\"></path></svg></span></button></div>"`;

exports[`Footer Test Suite should render expected HTML 2`] = `"<div class=\\"[object Object]\\"><button class=\\"MuiButtonBase-root-7 MuiIconButton-root-1\\" tabindex=\\"0\\" type=\\"button\\" aria-label=\\"First Page\\"><span class=\\"MuiIconButton-label-6\\"><svg class=\\"MuiSvgIcon-root-10\\" focusable=\\"false\\" viewBox=\\"0 0 24 24\\" aria-hidden=\\"true\\" role=\\"presentation\\"><path d=\\"M18.41 16.59L13.82 12l4.59-4.59L17 6l-6 6 6 6zM6 6h2v12H6z\\"></path><path fill=\\"none\\" d=\\"M24 24H0V0h24v24z\\"></path></svg></span><span class=\\"MuiTouchRipple-root-19\\"></span></button><button class=\\"MuiButtonBase-root-7 MuiIconButton-root-1\\" tabindex=\\"0\\" type=\\"button\\" aria-label=\\"Previous Page\\"><span class=\\"MuiIconButton-label-6\\"><svg class=\\"MuiSvgIcon-root-10\\" focusable=\\"false\\" viewBox=\\"0 0 24 24\\" aria-hidden=\\"true\\" role=\\"presentation\\"><path d=\\"M15.41 16.59L10.83 12l4.58-4.59L14 6l-6 6 6 6 1.41-1.41z\\"></path><path fill=\\"none\\" d=\\"M0 0h24v24H0V0z\\"></path></svg></span><span class=\\"MuiTouchRipple-root-19\\"></span></button><button class=\\"MuiButtonBase-root-7 MuiButtonBase-disabled-8 MuiIconButton-root-1 MuiIconButton-disabled-5\\" tabindex=\\"-1\\" type=\\"button\\" disabled=\\"\\" aria-label=\\"Next Page\\"><span class=\\"MuiIconButton-label-6\\"><svg class=\\"MuiSvgIcon-root-10\\" focusable=\\"false\\" viewBox=\\"0 0 24 24\\" aria-hidden=\\"true\\" role=\\"presentation\\"><path d=\\"M8.59 16.59L13.17 12 8.59 7.41 10 6l6 6-6 6-1.41-1.41z\\"></path><path fill=\\"none\\" d=\\"M0 0h24v24H0V0z\\"></path></svg></span></button><button class=\\"MuiButtonBase-root-7 MuiButtonBase-disabled-8 MuiIconButton-root-1 MuiIconButton-disabled-5\\" tabindex=\\"-1\\" type=\\"button\\" disabled=\\"\\" aria-label=\\"Last Page\\"><span class=\\"MuiIconButton-label-6\\"><svg class=\\"MuiSvgIcon-root-10\\" focusable=\\"false\\" viewBox=\\"0 0 24 24\\" aria-hidden=\\"true\\" role=\\"presentation\\"><path d=\\"M5.59 7.41L10.18 12l-4.59 4.59L7 18l6-6-6-6zM16 6h2v12h-2z\\"></path><path fill=\\"none\\" d=\\"M0 0h24v24H0V0z\\"></path></svg></span></button></div>"`;
