// Jest Snapshot v1, https://goo.gl/fbAQLP

exports[`Gift Show Test Suite should render the expected HTML 1`] = `"<div style=\\"padding: 4%;\\"><div class=\\"detailsPage\\"><div class=\\"MuiGrid-container-1\\"><div class=\\"MuiGrid-item-2 MuiGrid-grid-xs-12-41 MuiGrid-grid-sm-5-48 cardContainer\\"><div><div class=\\"MuiGrid-container-1\\"><div class=\\"MuiGrid-item-2 MuiGrid-grid-xs-6-35 MuiGrid-grid-sm-6-49\\"><img src=\\"https://pngimg.com/uploads/amazon/amazon_PNG21.png\\" alt=\\"vendorImage\\" class=\\"vendorImage\\"></div><div class=\\"MuiGrid-item-2 MuiGrid-grid-xs-6-35 MuiGrid-grid-sm-6-49\\"><p class=\\"cardName\\">Amazon Gift SAS UPDATED</p><span style=\\"margin-left: 30%;\\"><label class=\\"label\\">Points:</label>1200</span></div></div></div><div><button class=\\"MuiButtonBase-root-124 MuiButton-root-98 MuiButton-contained-109 MuiButton-containedPrimary-110 MuiButton-raised-112 MuiButton-raisedPrimary-113\\" tabindex=\\"0\\" type=\\"button\\"><span class=\\"MuiButton-label-99\\">send this gift card</span><span class=\\"MuiTouchRipple-root-143\\"></span></button></div><p><label class=\\"label\\">NUMBER OF CARDS AVAILABLE: </label>86</p><p><label class=\\"label\\">EXPIRY DATE: </label>2019-06-29</p><div><p class=\\"label\\"> RATING &amp; REVIEWS:</p><div class=\\"commentsSection\\"><p class=\\"commentorName\\"> Sebastian Eschweiler<span class=\\"commentDate\\">2019-05-19</span></p><p class=\\"comment\\">Great gift card. Happy to gift!</p><div style=\\"display: inline-block; position: relative;\\" class=\\"dv-star-rating dv-star-rating-non-editable\\"><input style=\\"display: none; position: absolute; margin-left: -9999px;\\" class=\\"dv-star-rating-input\\" type=\\"radio\\" name=\\"rating\\" id=\\"rating_5\\" value=\\"5\\"><label style=\\"float: right; cursor: default; color: rgb(51, 51, 51);\\" class=\\"dv-star-rating-star dv-star-rating-empty-star\\" for=\\"rating_5\\"><i style=\\"font-style: normal;\\">★</i></label><input style=\\"display: none; position: absolute; margin-left: -9999px;\\" class=\\"dv-star-rating-input\\" type=\\"radio\\" name=\\"rating\\" id=\\"rating_4\\" value=\\"4\\" checked=\\"\\"><label style=\\"float: right; cursor: default; color: rgb(255, 180, 0);\\" class=\\"dv-star-rating-star dv-star-rating-full-star\\" for=\\"rating_4\\"><i style=\\"font-style: normal;\\">★</i></label><input style=\\"display: none; position: absolute; margin-left: -9999px;\\" class=\\"dv-star-rating-input\\" type=\\"radio\\" name=\\"rating\\" id=\\"rating_3\\" value=\\"3\\"><label style=\\"float: right; cursor: default; color: rgb(255, 180, 0);\\" class=\\"dv-star-rating-star dv-star-rating-full-star\\" for=\\"rating_3\\"><i style=\\"font-style: normal;\\">★</i></label><input style=\\"display: none; position: absolute; margin-left: -9999px;\\" class=\\"dv-star-rating-input\\" type=\\"radio\\" name=\\"rating\\" id=\\"rating_2\\" value=\\"2\\"><label style=\\"float: right; cursor: default; color: rgb(255, 180, 0);\\" class=\\"dv-star-rating-star dv-star-rating-full-star\\" for=\\"rating_2\\"><i style=\\"font-style: normal;\\">★</i></label><input style=\\"display: none; position: absolute; margin-left: -9999px;\\" class=\\"dv-star-rating-input\\" type=\\"radio\\" name=\\"rating\\" id=\\"rating_1\\" value=\\"1\\"><label style=\\"float: right; cursor: default; color: rgb(255, 180, 0);\\" class=\\"dv-star-rating-star dv-star-rating-full-star\\" for=\\"rating_1\\"><i style=\\"font-style: normal;\\">★</i></label></div></div><div class=\\"commentsSection\\"><p class=\\"commentorName\\"> Bill Joe<span class=\\"commentDate\\">2019-06-12</span></p><p class=\\"comment\\">10% discount on Amazon. Yay</p><div style=\\"display: inline-block; position: relative;\\" class=\\"dv-star-rating dv-star-rating-non-editable\\"><input style=\\"display: none; position: absolute; margin-left: -9999px;\\" class=\\"dv-star-rating-input\\" type=\\"radio\\" name=\\"rating\\" id=\\"rating_5\\" value=\\"5\\"><label style=\\"float: right; cursor: default; color: rgb(51, 51, 51);\\" class=\\"dv-star-rating-star dv-star-rating-empty-star\\" for=\\"rating_5\\"><i style=\\"font-style: normal;\\">★</i></label><input style=\\"display: none; position: absolute; margin-left: -9999px;\\" class=\\"dv-star-rating-input\\" type=\\"radio\\" name=\\"rating\\" id=\\"rating_4\\" value=\\"4\\"><label style=\\"float: right; cursor: default; color: rgb(51, 51, 51);\\" class=\\"dv-star-rating-star dv-star-rating-empty-star\\" for=\\"rating_4\\"><i style=\\"font-style: normal;\\">★</i></label><input style=\\"display: none; position: absolute; margin-left: -9999px;\\" class=\\"dv-star-rating-input\\" type=\\"radio\\" name=\\"rating\\" id=\\"rating_3\\" value=\\"3\\" checked=\\"\\"><label style=\\"float: right; cursor: default; color: rgb(255, 180, 0);\\" class=\\"dv-star-rating-star dv-star-rating-full-star\\" for=\\"rating_3\\"><i style=\\"font-style: normal;\\">★</i></label><input style=\\"display: none; position: absolute; margin-left: -9999px;\\" class=\\"dv-star-rating-input\\" type=\\"radio\\" name=\\"rating\\" id=\\"rating_2\\" value=\\"2\\"><label style=\\"float: right; cursor: default; color: rgb(255, 180, 0);\\" class=\\"dv-star-rating-star dv-star-rating-full-star\\" for=\\"rating_2\\"><i style=\\"font-style: normal;\\">★</i></label><input style=\\"display: none; position: absolute; margin-left: -9999px;\\" class=\\"dv-star-rating-input\\" type=\\"radio\\" name=\\"rating\\" id=\\"rating_1\\" value=\\"1\\"><label style=\\"float: right; cursor: default; color: rgb(255, 180, 0);\\" class=\\"dv-star-rating-star dv-star-rating-full-star\\" for=\\"rating_1\\"><i style=\\"font-style: normal;\\">★</i></label></div></div></div></div><div class=\\"MuiGrid-item-2 MuiGrid-grid-xs-12-41 MuiGrid-grid-sm-6-49 detailsContainer\\"><p class=\\"vendorName\\">amazon</p><p class=\\"cardDescription\\">Amazon Gift Cards are the Perfect Gift, Every Time. Use the eBay Gift Card to shop from millions of items in Electronics, Toys, Motors, Fashion, Home &amp; Garden, Art, Collectibles, Sporting Goods and everything in-between. eBay Gift Cards never expire and have no fees. Use it to shop now or wait for the deal of a lifetime.</p></div></div></div></div>"`;
